Error: Failed to get application based on input
Usage:
  app view application name [flags]

Examples:

// View applictaions with name
meshplayctl app view [app-name]

// View applications with id
meshplayctl app view [app-id]

// View all applications
meshplayctl app view --all
	

Flags:
  -a, --all                    (optional) view all applications available
  -h, --help                   help for view
  -o, --output-format string   (optional) format to display in [json|yaml] (default "yaml")

Global Flags:
  -t, --token string   Path to token file default from current context

