name: SampleApp # display name in Meshplay UI
services:
  myapp:
    type: Application
    namespace: test
    settings:
      replicas: 1
      containers:
        - name: Meshplay
          image: khulnasoft/meshplay:stable-latest
          ports:
            - name: http
              containerPort: 8080