please enter a test URL.
See https://docs.khulnasoft.com/reference/meshplayctl/perf/apply for usage details
